../Core/Src/main.c:18:8:guess	48	static
../Core/Src/main.c:34:10:figureout	80	static
../Core/Src/main.c:48:8:generateperceptron	32	static
../Core/Src/main.c:79:6:readadc	8	static
../Core/Src/main.c:106:5:main	64	static
../Core/Src/main.c:161:6:SystemClock_Config	88	static
../Core/Src/main.c:202:13:MX_ADC2_Init	24	static
../Core/Src/main.c:245:13:MX_I2C1_Init	8	static
../Core/Src/main.c:272:13:MX_I2S3_Init	8	static
../Core/Src/main.c:299:13:MX_SPI1_Init	8	static
../Core/Src/main.c:330:13:MX_TIM1_Init	96	static
../Core/Src/main.c:397:13:MX_GPIO_Init	56	static
../Core/Src/main.c:479:6:Error_Handler	4	static
